============================= test session starts =============================
platform win32 -- Python 3.14.4, pytest-9.1.1, pluggy-1.6.0 -- C:\Users\USER\Downloads\welloyewanew\welloyewanew\.venv\Scripts\python.exe
rootdir: C:\Users\USER\Downloads\welloyewanew\welloyewanew
configfile: pyproject.toml (WARNING: ignoring pytest config in setup.cfg!)
plugins: anyio-4.14.0, asyncio-1.4.0, cov-7.1.0, timeout-2.4.0
asyncio: mode=Mode.AUTO, debug=False, asyncio_default_fixture_loop_scope=None, asyncio_default_test_loop_scope=function
timeout: 300.0s
timeout method: thread
timeout func_only: False
collecting ... collected 1 item

tests/test_bot/test_bot_persistence.py::TestBotPersistence::test_init_bot_falls_back_to_jsonfilepersistence_when_redis_is_unavailable FAILED [100%]
INTERNALERROR> Traceback (most recent call last):
INTERNALERROR>   File "C:\Users\USER\Downloads\welloyewanew\welloyewanew\.venv\Lib\site-packages\_pytest\main.py", line 330, in wrap_session
INTERNALERROR>     session.exitstatus = doit(config, session) or 0
INTERNALERROR>                          ~~~~^^^^^^^^^^^^^^^^^
INTERNALERROR>   File "C:\Users\USER\Downloads\welloyewanew\welloyewanew\.venv\Lib\site-packages\_pytest\main.py", line 384, in _main
INTERNALERROR>     config.hook.pytest_runtestloop(session=session)
INTERNALERROR>     ~~~~~~~~~~~~~~~~~~~~~~~~~~~~~~^^^^^^^^^^^^^^^^^
INTERNALERROR>   File "C:\Users\USER\Downloads\welloyewanew\welloyewanew\.venv\Lib\site-packages\pluggy\_hooks.py", line 512, in __call__
INTERNALERROR>     return self._hookexec(self.name, self._hookimpls.copy(), kwargs, firstresult)
INTERNALERROR>            ~~~~~~~~~~~~~~^^^^^^^^^^^^^^^^^^^^^^^^^^^^^^^^^^^^^^^^^^^^^^^^^^^^^^^^
INTERNALERROR>   File "C:\Users\USER\Downloads\welloyewanew\welloyewanew\.venv\Lib\site-packages\pluggy\_manager.py", line 120, in _hookexec
INTERNALERROR>     return self._inner_hookexec(hook_name, methods, kwargs, firstresult)
INTERNALERROR>            ~~~~~~~~~~~~~~~~~~~~^^^^^^^^^^^^^^^^^^^^^^^^^^^^^^^^^^^^^^^^^
INTERNALERROR>   File "C:\Users\USER\Downloads\welloyewanew\welloyewanew\.venv\Lib\site-packages\pluggy\_callers.py", line 167, in _multicall
INTERNALERROR>     raise exception
INTERNALERROR>   File "C:\Users\USER\Downloads\welloyewanew\welloyewanew\.venv\Lib\site-packages\pluggy\_callers.py", line 139, in _multicall
INTERNALERROR>     teardown.throw(exception)
INTERNALERROR>     ~~~~~~~~~~~~~~^^^^^^^^^^^
INTERNALERROR>   File "C:\Users\USER\Downloads\welloyewanew\welloyewanew\.venv\Lib\site-packages\_pytest\logging.py", line 816, in pytest_runtestloop
INTERNALERROR>     return (yield)  # Run all the tests.
INTERNALERROR>             ^^^^^
INTERNALERROR>   File "C:\Users\USER\Downloads\welloyewanew\welloyewanew\.venv\Lib\site-packages\pluggy\_callers.py", line 139, in _multicall
INTERNALERROR>     teardown.throw(exception)
INTERNALERROR>     ~~~~~~~~~~~~~~^^^^^^^^^^^
INTERNALERROR>   File "C:\Users\USER\Downloads\welloyewanew\welloyewanew\.venv\Lib\site-packages\_pytest\terminal.py", line 708, in pytest_runtestloop
INTERNALERROR>     result = yield
INTERNALERROR>              ^^^^^
INTERNALERROR>   File "C:\Users\USER\Downloads\welloyewanew\welloyewanew\.venv\Lib\site-packages\pluggy\_callers.py", line 152, in _multicall
INTERNALERROR>     teardown.send(result)
INTERNALERROR>     ~~~~~~~~~~~~~^^^^^^^^
INTERNALERROR>   File "C:\Users\USER\Downloads\welloyewanew\welloyewanew\.venv\Lib\site-packages\pytest_cov\plugin.py", line 362, in pytest_runtestloop
INTERNALERROR>     self.cov_total = self.cov_controller.summary(self.cov_report)
INTERNALERROR>                      ~~~~~~~~~~~~~~~~~~~~~~~~~~~^^^^^^^^^^^^^^^^^
INTERNALERROR>   File "C:\Users\USER\Downloads\welloyewanew\welloyewanew\.venv\Lib\site-packages\pytest_cov\engine.py", line 44, in ensure_topdir_wrapper
INTERNALERROR>     return meth(self, *args, **kwargs)
INTERNALERROR>   File "C:\Users\USER\Downloads\welloyewanew\welloyewanew\.venv\Lib\site-packages\pytest_cov\engine.py", line 189, in summary
INTERNALERROR>     self.cov.html_report(ignore_errors=True, directory=output)
INTERNALERROR>     ~~~~~~~~~~~~~~~~~~~~^^^^^^^^^^^^^^^^^^^^^^^^^^^^^^^^^^^^^^
INTERNALERROR>   File "C:\Users\USER\Downloads\welloyewanew\welloyewanew\.venv\Lib\site-packages\coverage\control.py", line 1257, in html_report
INTERNALERROR>     return reporter.report(morfs)
INTERNALERROR>            ~~~~~~~~~~~~~~~^^^^^^^
INTERNALERROR>   File "C:\Users\USER\Downloads\welloyewanew\welloyewanew\.venv\Lib\site-packages\coverage\html.py", line 382, in report
INTERNALERROR>     self.make_local_static_report_files()
INTERNALERROR>     ~~~~~~~~~~~~~~~~~~~~~~~~~~~~~~~~~~~^^
INTERNALERROR>   File "C:\Users\USER\Downloads\welloyewanew\welloyewanew\.venv\Lib\site-packages\coverage\html.py", line 436, in make_local_static_report_files
INTERNALERROR>     self.copy_static_file(self.config.extra_css, slug="extra_css")
INTERNALERROR>     ~~~~~~~~~~~~~~~~~~~~~^^^^^^^^^^^^^^^^^^^^^^^^^^^^^^^^^^^^^^^^^
INTERNALERROR>   File "C:\Users\USER\Downloads\welloyewanew\welloyewanew\.venv\Lib\site-packages\coverage\html.py", line 421, in copy_static_file
INTERNALERROR>     dest = copy_with_cache_bust(src, self.directory)
INTERNALERROR>   File "C:\Users\USER\Downloads\welloyewanew\welloyewanew\.venv\Lib\site-packages\coverage\html.py", line 260, in copy_with_cache_bust
INTERNALERROR>     with open(src, "rb") as f:
INTERNALERROR>          ~~~~^^^^^^^^^^^
INTERNALERROR> FileNotFoundError: [Errno 2] No such file or directory: 'coverage.css'

======================= 1 failed, 2 warnings in 12.69s ========================
